[    0.000000] Linux version 4.15.0-167-generic (buildd@lcy02-amd64-045) (gcc version 7.5.0 (Ubuntu 7.5.0-3ubuntu1~18.04)) #175-Ubuntu SMP Wed Jan 5 01:56:07 UTC 2022 (Ubuntu 4.15.0-167.175-generic 4.15.18)
[    0.000000] Command line: BOOT_IMAGE=/boot/vmlinuz-4.15.0-167-generic root=LABEL=cloudimg-rootfs ro console=tty1 console=ttyS0
[    0.000000] KERNEL supported cpus:
[    0.000000]   Intel GenuineIntel
[    0.000000]   AMD AuthenticAMD
[    0.000000]   Centaur CentaurHauls
[    0.000000] x86/fpu: Supporting XSAVE feature 0x001: 'x87 floating point registers'
[    0.000000] x86/fpu: Supporting XSAVE feature 0x002: 'SSE registers'
[    0.000000] x86/fpu: Supporting XSAVE feature 0x004: 'AVX registers'
[    0.000000] x86/fpu: xstate_offset[2]:  576, xstate_sizes[2]:  256
[    0.000000] x86/fpu: Enabled xstate features 0x7, context size is 832 bytes, using 'standard' format.
[    0.000000] e820: BIOS-provided physical RAM map:
[    0.000000] BIOS-e820: [mem 0x0000000000000000-0x000000000009fbff] usable
[    0.000000] BIOS-e820: [mem 0x000000000009fc00-0x000000000009ffff] reserved
[    0.000000] BIOS-e820: [mem 0x00000000000f0000-0x00000000000fffff] reserved
[    0.000000] BIOS-e820: [mem 0x0000000000100000-0x000000003ffeffff] usable
[    0.000000] BIOS-e820: [mem 0x000000003fff0000-0x000000003fffffff] ACPI data
[    0.000000] BIOS-e820: [mem 0x00000000fec00000-0x00000000fec00fff] reserved
[    0.000000] BIOS-e820: [mem 0x00000000fee00000-0x00000000fee00fff] reserved
[    0.000000] BIOS-e820: [mem 0x00000000fffc0000-0x00000000ffffffff] reserved
[    0.000000] NX (Execute Disable) protection: active
[    0.000000] SMBIOS 2.5 present.
[    0.000000] DMI: innotek GmbH VirtualBox/VirtualBox, BIOS VirtualBox 12/01/2006
[    0.000000] Hypervisor detected: KVM
[    0.000000] e820: last_pfn = 0x3fff0 max_arch_pfn = 0x400000000
[    0.000000] MTRR: Disabled
[    0.000000] x86/PAT: MTRRs disabled, skipping PAT initialization too.
[    0.000000] CPU MTRRs all blank - virtualized system.
[    0.000000] x86/PAT: Configuration [0-7]: WB  WT  UC- UC  WB  WT  UC- UC  
[    0.000000] found SMP MP-table at [mem 0x0009fff0-0x0009ffff]
[    0.000000] Scanning 1 areas for low memory corruption
[    0.000000] RAMDISK: [mem 0x359cd000-0x36cddfff]
[    0.000000] ACPI: Early table checksum verification disabled
[    0.000000] ACPI: RSDP 0x00000000000E0000 000024 (v02 VBOX  )
[    0.000000] ACPI: XSDT 0x000000003FFF0030 00003C (v01 VBOX   VBOXXSDT 00000001 ASL  00000061)
[    0.000000] ACPI: FACP 0x000000003FFF00F0 0000F4 (v04 VBOX   VBOXFACP 00000001 ASL  00000061)
[    0.000000] ACPI: DSDT 0x000000003FFF0470 0022EA (v02 VBOX   VBOXBIOS 00000002 INTL 20100528)
[    0.000000] ACPI: FACS 0x000000003FFF0200 000040
[    0.000000] ACPI: FACS 0x000000003FFF0200 000040
[    0.000000] ACPI: APIC 0x000000003FFF0240 00005C (v02 VBOX   VBOXAPIC 00000001 ASL  00000061)
[    0.000000] ACPI: SSDT 0x000000003FFF02A0 0001CC (v01 VBOX   VBOXCPUT 00000002 INTL 20100528)
[    0.000000] ACPI: Reserving FACP table memory at [mem 0x3fff00f0-0x3fff01e3]
[    0.000000] ACPI: Reserving DSDT table memory at [mem 0x3fff0470-0x3fff2759]
[    0.000000] ACPI: Reserving FACS table memory at [mem 0x3fff0200-0x3fff023f]
[    0.000000] ACPI: Reserving FACS table memory at [mem 0x3fff0200-0x3fff023f]
[    0.000000] ACPI: Reserving APIC table memory at [mem 0x3fff0240-0x3fff029b]
[    0.000000] ACPI: Reserving SSDT table memory at [mem 0x3fff02a0-0x3fff046b]
[    0.000000] No NUMA configuration found
[    0.000000] Faking a node at [mem 0x0000000000000000-0x000000003ffeffff]
[    0.000000] NODE_DATA(0) allocated [mem 0x3ffc5000-0x3ffeffff]
[    0.000000] kvm-clock: cpu 0, msr 0:3ff44001, primary cpu clock
[    0.000000] kvm-clock: Using msrs 4b564d01 and 4b564d00
[    0.000000] kvm-clock: using sched offset of 3681701128 cycles
[    0.000000] clocksource: kvm-clock: mask: 0xffffffffffffffff max_cycles: 0x1cd42e4dffb, max_idle_ns: 881590591483 ns
[    0.000000] Zone ranges:
[    0.000000]   DMA      [mem 0x0000000000001000-0x0000000000ffffff]
[    0.000000]   DMA32    [mem 0x0000000001000000-0x000000003ffeffff]
[    0.000000]   Normal   empty
[    0.000000]   Device   empty
[    0.000000] Movable zone start for each node
[    0.000000] Early memory node ranges
[    0.000000]   node   0: [mem 0x0000000000001000-0x000000000009efff]
[    0.000000]   node   0: [mem 0x0000000000100000-0x000000003ffeffff]
[    0.000000] Reserved but unavailable: 104 pages
[    0.000000] Initmem setup node 0 [mem 0x0000000000001000-0x000000003ffeffff]
[    0.000000] ACPI: PM-Timer IO Port: 0x4008
[    0.000000] IOAPIC[0]: apic_id 2, version 32, address 0xfec00000, GSI 0-23
[    0.000000] ACPI: INT_SRC_OVR (bus 0 bus_irq 0 global_irq 2 dfl dfl)
[    0.000000] ACPI: INT_SRC_OVR (bus 0 bus_irq 9 global_irq 9 low level)
[    0.000000] Using ACPI (MADT) for SMP configuration information
[    0.000000] smpboot: Allowing 2 CPUs, 0 hotplug CPUs
[    0.000000] PM: Registered nosave memory: [mem 0x00000000-0x00000fff]
[    0.000000] PM: Registered nosave memory: [mem 0x0009f000-0x0009ffff]
[    0.000000] PM: Registered nosave memory: [mem 0x000a0000-0x000effff]
[    0.000000] PM: Registered nosave memory: [mem 0x000f0000-0x000fffff]
[    0.000000] e820: [mem 0x40000000-0xfebfffff] available for PCI devices
[    0.000000] Booting paravirtualized kernel on KVM
[    0.000000] clocksource: refined-jiffies: mask: 0xffffffff max_cycles: 0xffffffff, max_idle_ns: 7645519600211568 ns
[    0.000000] random: get_random_bytes called from start_kernel+0x99/0x500 with crng_init=0
[    0.000000] setup_percpu: NR_CPUS:8192 nr_cpumask_bits:2 nr_cpu_ids:2 nr_node_ids:1
[    0.000000] percpu: Embedded 50 pages/cpu s167936 r8192 d28672 u1048576
[    0.000000] PV qspinlock hash table entries: 256 (order: 0, 4096 bytes)
[    0.000000] Built 1 zonelists, mobility grouping on.  Total pages: 257913
[    0.000000] Policy zone: DMA32
[    0.000000] Kernel command line: BOOT_IMAGE=/boot/vmlinuz-4.15.0-167-generic root=LABEL=cloudimg-rootfs ro console=tty1 console=ttyS0
[    0.000000] Memory: 982644K/1048120K available (12300K kernel code, 2483K rwdata, 4324K rodata, 2476K init, 2724K bss, 65476K reserved, 0K cma-reserved)
[    0.000000] SLUB: HWalign=64, Order=0-3, MinObjects=0, CPUs=2, Nodes=1
[    0.000000] ftrace: allocating 39494 entries in 155 pages
[    0.004000] Hierarchical RCU implementation.
[    0.004000] 	RCU restricting CPUs from NR_CPUS=8192 to nr_cpu_ids=2.
[    0.004000] 	Tasks RCU enabled.
[    0.004000] RCU: Adjusting geometry for rcu_fanout_leaf=16, nr_cpu_ids=2
[    0.004000] NR_IRQS: 524544, nr_irqs: 440, preallocated irqs: 16
[    0.004000] Console: colour VGA+ 80x25
[    0.004000] console [tty1] enabled
[    0.004000] console [ttyS0] enabled
[    0.004000] ACPI: Core revision 20170831
[    0.004000] ACPI: 2 ACPI AML tables successfully acquired and loaded
[    0.004000] APIC: Switch to symmetric I/O mode setup
[    0.004000] x2apic enabled
[    0.004000] Switched APIC routing to physical x2apic.
[    0.004000] ..TIMER: vector=0x30 apic1=0 pin1=2 apic2=-1 pin2=-1
[    0.004003] tsc: Detected 1992.000 MHz processor
[    0.004879] Calibrating delay loop (skipped) preset value.. 3984.00 BogoMIPS (lpj=7968000)
[    0.005424] pid_max: default: 32768 minimum: 301
[    0.006350] Security Framework initialized
[    0.008002] Yama: becoming mindful.
[    0.008720] AppArmor: AppArmor initialized
[    0.012029] Dentry cache hash table entries: 131072 (order: 8, 1048576 bytes)
[    0.013548] Inode-cache hash table entries: 65536 (order: 7, 524288 bytes)
[    0.014622] Mount-cache hash table entries: 2048 (order: 2, 16384 bytes)
[    0.016019] Mountpoint-cache hash table entries: 2048 (order: 2, 16384 bytes)
[    0.017436] Last level iTLB entries: 4KB 64, 2MB 8, 4MB 8
[    0.018115] Last level dTLB entries: 4KB 64, 2MB 0, 4MB 0, 1GB 4
[    0.018855] Spectre V1 : Mitigation: usercopy/swapgs barriers and __user pointer sanitization
[    0.020050] unchecked MSR access error: WRMSR to 0x48 (tried to write 0x0000000000000001) at rIP: 0xffffffff8e66e1b8 (native_write_msr+0x8/0x30)
[    0.021697] Call Trace:
[    0.022068]  wrmsrl+0x16/0x20
[    0.022549]  check_bugs+0x263/0xa1b
[    0.023060]  ? delayacct_init+0x52/0x70
[    0.024004]  start_kernel+0x4b8/0x500
[    0.024601]  x86_64_start_reservations+0x24/0x26
[    0.025190]  x86_64_start_kernel+0x74/0x77
[    0.025796]  secondary_startup_64+0xa5/0xb0
[    0.026358] Spectre V2 : Mitigation: Enhanced IBRS
[    0.026965] Spectre V2 : Spectre v2 / SpectreRSB mitigation: Filling RSB on context switch
[    0.028009] Speculative Store Bypass: Vulnerable
[    0.028785] SRBDS: Mitigation: TSX disabled
[    0.029546] Freeing SMP alternatives memory: 36K
[    0.140506] smpboot: CPU0: Intel(R) Core(TM) i7-8565U CPU @ 1.80GHz (family: 0x6, model: 0x8e, stepping: 0xc)
[    0.142174] Performance Events: unsupported p6 CPU model 142 no PMU driver, software events only.
[    0.143603] Hierarchical SRCU implementation.
[    0.144112] NMI watchdog: Perf event create on CPU 0 failed with -2
[    0.145120] NMI watchdog: Perf NMI watchdog permanently disabled
[    0.146001] smp: Bringing up secondary CPUs ...
[    0.146791] x86: Booting SMP configuration:
[    0.147559] .... node  #0, CPUs:      #1
[    0.004000] kvm-clock: cpu 1, msr 0:3ff44041, secondary cpu clock
[    0.151076] smp: Brought up 1 node, 2 CPUs
[    0.151076] smpboot: Max logical packages: 1
[    0.152004] smpboot: Total of 2 processors activated (7968.00 BogoMIPS)
[    0.153107] devtmpfs: initialized
[    0.153107] x86/mm: Memory block size: 128MB
[    0.153139] evm: security.selinux
[    0.153625] evm: security.SMACK64
[    0.154077] evm: security.SMACK64EXEC
[    0.156002] evm: security.SMACK64TRANSMUTE
[    0.156545] evm: security.SMACK64MMAP
[    0.157029] evm: security.apparmor
[    0.157486] evm: security.ima
[    0.157895] evm: security.capability
[    0.158414] clocksource: jiffies: mask: 0xffffffff max_cycles: 0xffffffff, max_idle_ns: 7645041785100000 ns
[    0.160007] futex hash table entries: 512 (order: 3, 32768 bytes)
[    0.160944] pinctrl core: initialized pinctrl subsystem
[    0.168094] RTC time: 20:53:22, date: 02/01/22
[    0.168986] NET: Registered protocol family 16
[    0.169750] audit: initializing netlink subsys (disabled)
[    0.172165] audit: type=2000 audit(1643748806.753:1): state=initialized audit_enabled=0 res=1
[    0.173516] cpuidle: using governor ladder
[    0.174293] cpuidle: using governor menu
[    0.175111] ACPI: bus type PCI registered
[    0.175111] acpiphp: ACPI Hot Plug PCI Controller Driver version: 0.5
[    0.176001] PCI: Using configuration type 1 for base access
[    0.176775] HugeTLB registered 2.00 MiB page size, pre-allocated 0 pages
[    0.176775] ACPI: Added _OSI(Module Device)
[    0.180001] ACPI: Added _OSI(Processor Device)
[    0.180001] ACPI: Added _OSI(3.0 _SCP Extensions)
[    0.180001] ACPI: Added _OSI(Processor Aggregator Device)
[    0.180001] ACPI: Added _OSI(Linux-Dell-Video)
[    0.180001] ACPI: Added _OSI(Linux-Lenovo-NV-HDMI-Audio)
[    0.180005] ACPI: Added _OSI(Linux-HPI-Hybrid-Graphics)
[    0.180984] ACPI: Executed 1 blocks of module-level executable AML code
[    0.184454] ACPI: Interpreter enabled
[    0.184959] ACPI: (supports S0 S5)
[    0.185432] ACPI: Using IOAPIC for interrupt routing
[    0.186287] PCI: Using host bridge windows from ACPI; if necessary, use "pci=nocrs" and report a bug
[    0.187538] ACPI: Enabled 2 GPEs in block 00 to 07
[    0.192900] ACPI: PCI Root Bridge [PCI0] (domain 0000 [bus 00-ff])
[    0.193954] acpi PNP0A03:00: _OSC: OS supports [ASPM ClockPM Segments MSI]
[    0.195525] acpi PNP0A03:00: _OSC: not requesting OS control; OS requires [ExtendedConfig ASPM ClockPM MSI]
[    0.196013] acpi PNP0A03:00: fail to add MMCONFIG information, can't access extended PCI configuration space under this bridge.
[    0.198135] PCI host bridge to bus 0000:00
[    0.200005] pci_bus 0000:00: root bus resource [io  0x0000-0x0cf7 window]
[    0.201074] pci_bus 0000:00: root bus resource [io  0x0d00-0xffff window]
[    0.202514] pci_bus 0000:00: root bus resource [mem 0x000a0000-0x000bffff window]
[    0.204005] pci_bus 0000:00: root bus resource [mem 0x40000000-0xfdffffff window]
[    0.205180] pci_bus 0000:00: root bus resource [bus 00-ff]
[    0.208449] pci 0000:00:01.1: legacy IDE quirk: reg 0x10: [io  0x01f0-0x01f7]
[    0.209612] pci 0000:00:01.1: legacy IDE quirk: reg 0x14: [io  0x03f6]
[    0.210556] pci 0000:00:01.1: legacy IDE quirk: reg 0x18: [io  0x0170-0x0177]
[    0.211645] pci 0000:00:01.1: legacy IDE quirk: reg 0x1c: [io  0x0376]
[    0.224623] pci 0000:00:07.0: quirk: [io  0x4000-0x403f] claimed by PIIX4 ACPI
[    0.225936] pci 0000:00:07.0: quirk: [io  0x4100-0x410f] claimed by PIIX4 SMB
[    0.233338] ACPI: PCI Interrupt Link [LNKA] (IRQs 5 9 10 *11)
[    0.234671] ACPI: PCI Interrupt Link [LNKB] (IRQs 5 9 *10 11)
[    0.235604] ACPI: PCI Interrupt Link [LNKC] (IRQs 5 *9 10 11)
[    0.236098] ACPI: PCI Interrupt Link [LNKD] (IRQs 5 9 10 *11)
[    0.237187] SCSI subsystem initialized
[    0.240096] pci 0000:00:02.0: vgaarb: setting as boot VGA device
[    0.241270] pci 0000:00:02.0: vgaarb: VGA device added: decodes=io+mem,owns=io+mem,locks=none
[    0.241270] pci 0000:00:02.0: vgaarb: bridge control possible
[    0.241270] vgaarb: loaded
[    0.241397] ACPI: bus type USB registered
[    0.242089] usbcore: registered new interface driver usbfs
[    0.243100] usbcore: registered new interface driver hub
[    0.244019] usbcore: registered new device driver usb
[    0.248016] EDAC MC: Ver: 3.0.0
[    0.248653] PCI: Using ACPI for IRQ routing
[    0.248944] NetLabel: Initializing
[    0.249599] NetLabel:  domain hash size = 128
[    0.249599] NetLabel:  protocols = UNLABELED CIPSOv4 CALIPSO
[    0.249599] NetLabel:  unlabeled traffic allowed by default
[    0.252055] clocksource: Switched to clocksource kvm-clock
[    0.291267] VFS: Disk quotas dquot_6.6.0
[    0.291981] VFS: Dquot-cache hash table entries: 512 (order 0, 4096 bytes)
[    0.293279] AppArmor: AppArmor Filesystem Enabled
[    0.294064] pnp: PnP ACPI init
[    0.295319] pnp: PnP ACPI: found 3 devices
[    0.301088] clocksource: acpi_pm: mask: 0xffffff max_cycles: 0xffffff, max_idle_ns: 2085701024 ns
[    0.302481] NET: Registered protocol family 2
[    0.303235] IP idents hash table entries: 16384 (order: 5, 131072 bytes)
[    0.304394] TCP established hash table entries: 8192 (order: 4, 65536 bytes)
[    0.313737] TCP bind hash table entries: 8192 (order: 5, 131072 bytes)
[    0.314849] TCP: Hash tables configured (established 8192 bind 8192)
[    0.315823] UDP hash table entries: 512 (order: 2, 16384 bytes)
[    0.316977] UDP-Lite hash table entries: 512 (order: 2, 16384 bytes)
[    0.318011] NET: Registered protocol family 1
[    0.318604] pci 0000:00:00.0: Limiting direct PCI/PCI transfers
[    0.319421] pci 0000:00:01.0: Activating ISA DMA hang workarounds
[    0.320265] pci 0000:00:02.0: Video device with shadowed ROM at [mem 0x000c0000-0x000dffff]
[    0.321385] Unpacking initramfs...
[    0.735223] Freeing initrd memory: 19524K
[    0.735995] clocksource: tsc: mask: 0xffffffffffffffff max_cycles: 0x396d519840e, max_idle_ns: 881590569543 ns
[    0.737670] platform rtc_cmos: registered platform RTC device (no PNP device found)
[    0.738745] Scanning for low memory corruption every 60 seconds
[    0.739988] Initialise system trusted keyrings
[    0.741032] Key type blacklist registered
[    0.741769] workingset: timestamp_bits=36 max_order=18 bucket_order=0
[    0.743325] zbud: loaded
[    0.744108] squashfs: version 4.0 (2009/01/31) Phillip Lougher
[    0.745249] fuse init (API version 7.26)
[    0.747980] Key type asymmetric registered
[    0.748851] Asymmetric key parser 'x509' registered
[    0.749627] Block layer SCSI generic (bsg) driver version 0.4 loaded (major 246)
[    0.750645] io scheduler noop registered
[    0.751163] io scheduler deadline registered
[    0.751727] io scheduler cfq registered (default)
[    0.752571] ACPI: AC Adapter [AC] (on-line)
[    0.753152] input: Power Button as /devices/LNXSYSTM:00/LNXPWRBN:00/input/input0
[    0.754172] ACPI: Power Button [PWRF]
[    0.754696] input: Sleep Button as /devices/LNXSYSTM:00/LNXSLPBN:00/input/input1
[    0.755627] ACPI: Sleep Button [SLPF]
[    0.756356] Serial: 8250/16550 driver, 32 ports, IRQ sharing enabled
[    0.756947] ACPI: Battery Slot [BAT0] (battery present)
[    0.778065] 00:02: ttyS0 at I/O 0x3f8 (irq = 4, base_baud = 115200) is a 16550A
[    0.779947] Linux agpgart interface v0.103
[    0.781468] loop: module loaded
[    0.782465] scsi host0: ata_piix
[    0.783044] scsi host1: ata_piix
[    0.783619] ata1: PATA max UDMA/33 cmd 0x1f0 ctl 0x3f6 bmdma 0xd000 irq 14
[    0.784655] ata2: PATA max UDMA/33 cmd 0x170 ctl 0x376 bmdma 0xd008 irq 15
[    0.785779] libphy: Fixed MDIO Bus: probed
[    0.786513] tun: Universal TUN/TAP device driver, 1.6
[    0.787789] PPP generic driver version 2.4.2
[    0.788751] ehci_hcd: USB 2.0 'Enhanced' Host Controller (EHCI) Driver
[    0.789643] ehci-pci: EHCI PCI platform driver
[    0.790215] ehci-platform: EHCI generic platform driver
[    0.790869] ohci_hcd: USB 1.1 'Open' Host Controller (OHCI) Driver
[    0.791621] ohci-pci: OHCI PCI platform driver
[    0.792191] ohci-platform: OHCI generic platform driver
[    0.792866] uhci_hcd: USB Universal Host Controller Interface driver
[    0.793669] i8042: PNP: PS/2 Controller [PNP0303:PS2K,PNP0f03:PS2M] at 0x60,0x64 irq 1,12
[    0.795127] serio: i8042 KBD port at 0x60,0x64 irq 1
[    0.795769] serio: i8042 AUX port at 0x60,0x64 irq 12
[    0.796462] mousedev: PS/2 mouse device common for all mice
[    0.797369] input: AT Translated Set 2 keyboard as /devices/platform/i8042/serio0/input/input2
[    0.798679] rtc_cmos rtc_cmos: rtc core: registered rtc_cmos as rtc0
[    0.799452] rtc_cmos rtc_cmos: alarms up to one day, 114 bytes nvram
[    0.800208] i2c /dev entries driver
[    0.800733] device-mapper: uevent: version 1.0.3
[    0.801328] device-mapper: ioctl: 4.37.0-ioctl (2017-09-20) initialised: dm-devel@redhat.com
[    0.802401] ledtrig-cpu: registered to indicate activity on CPUs
[    0.803393] NET: Registered protocol family 10
[    0.806423] Segment Routing with IPv6
[    0.806931] NET: Registered protocol family 17
[    0.807519] Key type dns_resolver registered
[    0.808190] mce: Using 0 MCE banks
[    0.808681] RAS: Correctable Errors collector initialized.
[    0.809439] sched_clock: Marking stable (808149288, 0)->(972394210, -164244922)
[    0.810726] registered taskstats version 1
[    0.811337] Loading compiled-in X.509 certificates
[    0.813358] Loaded X.509 cert 'Build time autogenerated kernel key: 51c91b167e8daada285dd448a981da05683ebd03'
[    0.815047] Loaded X.509 cert 'Canonical Ltd. Live Patch Signing: 14df34d1a87cf37625abec039ef2bf521249b969'
[    0.816787] Loaded X.509 cert 'Canonical Ltd. Kernel Module Signing: 88f752e560a1e0737e31163a466ad7b70a850c19'
[    0.818187] blacklist: Loading compiled-in revocation X.509 certificates
[    0.819134] Loaded X.509 cert 'Canonical Ltd. Secure Boot Signing: 61482aa2830d0ab2ad5af10b7250da9033ddcef0'
[    0.820871] zswap: loaded using pool lzo/zbud
[    0.823691] Key type big_key registered
[    0.824366] Key type trusted registered
[    0.825866] Key type encrypted registered
[    0.826562] AppArmor: AppArmor sha1 policy hashing enabled
[    0.827489] ima: No TPM chip found, activating TPM-bypass! (rc=-19)
[    0.828420] ima: Allocated hash algorithm: sha1
[    0.829131] evm: HMAC attrs: 0x1
[    0.829786]   Magic number: 10:510:901
[    0.830356] clocksource clocksource0: hash matches
[    0.831087] acpi PNP0501:01: hash matches
[    0.831814] rtc_cmos rtc_cmos: setting system clock to 2022-02-01 20:53:22 UTC (1643748802)
[    0.833282] BIOS EDD facility v0.16 2004-Jun-25, 0 devices found
[    0.834174] EDD information not available.
[    0.946444] Freeing unused kernel image memory: 2476K
[    0.960360] Write protecting the kernel read-only data: 20480k
[    0.962007] Freeing unused kernel image memory: 2008K
[    0.963074] Freeing unused kernel image memory: 1820K
[    0.970552] x86/mm: Checked W+X mappings: passed, no W+X pages found.
Loading, please wait...
starting version 237
[    1.015104] e1000: Intel(R) PRO/1000 Network Driver - version 7.3.21-k8-NAPI
[    1.016264] e1000: Copyright (c) 1999-2006 Intel Corporation.
[    1.021609] Fusion MPT base driver 3.04.20
[    1.022319] Copyright (c) 1999-2008 LSI Corporation
[    1.026342] Fusion MPT SPI Host driver 3.04.20
[    1.039289] AVX2 version of gcm_enc/dec engaged.
[    1.040053] AES CTR mode by8 optimization enabled
[    1.236056] input: ImExPS/2 Generic Explorer Mouse as /devices/platform/i8042/serio1/input/input4
[    1.391932] e1000 0000:00:03.0 eth0: (PCI:33MHz:32-bit) 02:e8:64:37:14:18
[    1.393190] e1000 0000:00:03.0 eth0: Intel(R) PRO/1000 Network Connection
[    1.395067] mptbase: ioc0: Initiating bringup
[    1.395491] e1000 0000:00:03.0 enp0s3: renamed from eth0
[    1.492688] ioc0: LSI53C1030 A0: Capabilities={Initiator}
[    1.743305] scsi host2: ioc0: LSI53C1030 A0, FwRev=00000000h, Ports=1, MaxQ=256, IRQ=20
[    1.921218] scsi 2:0:0:0: Direct-Access     VBOX     HARDDISK         1.0  PQ: 0 ANSI: 5
[    2.234287] scsi target2:0:0: Beginning Domain Validation
[    2.236928] scsi target2:0:0: Domain Validation skipping write tests
[    2.237955] scsi target2:0:0: Ending Domain Validation
[    2.239119] scsi target2:0:0: asynchronous
[    2.241038] scsi 2:0:1:0: Direct-Access     VBOX     HARDDISK         1.0  PQ: 0 ANSI: 5
[    2.688040] scsi target2:0:1: Beginning Domain Validation
[    2.694226] random: fast init done
[    2.694942] scsi target2:0:1: Domain Validation skipping write tests
[    2.695957] scsi target2:0:1: Ending Domain Validation
[    2.696785] scsi target2:0:1: asynchronous
[    2.700485] random: systemd-udevd: uninitialized urandom read (16 bytes read)
[    2.700639] sd 2:0:0:0: [sda] 83886080 512-byte logical blocks: (42.9 GB/40.0 GiB)
[    2.701596] random: systemd-udevd: uninitialized urandom read (16 bytes read)
[    2.702729] sd 2:0:0:0: [sda] Write Protect is off
[    2.703777] random: systemd-udevd: uninitialized urandom read (16 bytes read)
[    2.704611] sd 2:0:0:0: [sda] Incomplete mode parameter data
[    2.705722] sd 2:0:0:0: Attached scsi generic sg0 type 0
[    2.706391] sd 2:0:0:0: [sda] Assuming drive cache: write through
[    2.708957] sd 2:0:1:0: [sdb] 20480 512-byte logical blocks: (10.5 MB/10.0 MiB)
[    2.708968] sd 2:0:1:0: Attached scsi generic sg1 type 0
[    2.710270] sd 2:0:1:0: [sdb] Write Protect is off
[    2.712321] sd 2:0:1:0: [sdb] Incomplete mode parameter data
[    2.713308] sd 2:0:1:0: [sdb] Assuming drive cache: write through
[    2.723848]  sda: sda1
[    2.725426] sd 2:0:1:0: [sdb] Attached SCSI disk
[    2.726488] sd 2:0:0:0: [sda] Attached SCSI disk
Begin: Loading essential drivers ... [    4.096629] raid6: sse2x1   gen() 12783 MB/s
[    4.144625] raid6: sse2x1   xor()  7271 MB/s
[    4.192466] raid6: sse2x2   gen() 15209 MB/s
[    4.241283] raid6: sse2x2   xor() 10007 MB/s
[    4.288112] raid6: sse2x4   gen() 15881 MB/s
[    4.336012] raid6: sse2x4   xor()  9390 MB/s
[    4.384718] raid6: avx2x1   gen() 25238 MB/s
[    4.432572] raid6: avx2x1   xor() 15196 MB/s
[    4.481323] raid6: avx2x2   gen() 28856 MB/s
[    4.528170] raid6: avx2x2   xor() 18927 MB/s
[    4.576068] raid6: avx2x4   gen() 32606 MB/s
[    4.624803] raid6: avx2x4   xor() 19569 MB/s
[    4.625461] raid6: using algorithm avx2x4 gen() 32606 MB/s
[    4.626262] raid6: .... xor() 19569 MB/s, rmw enabled
[    4.627031] raid6: using avx2x2 recovery algorithm
[    4.628872] xor: automatically using best checksumming function   avx       
[    4.630661] async_tx: api initialized (async)
done.
Begin: Running /scripts/init-premount ... done.
Begin: Mounting root file system ... Begin: Running /scripts/local-top ... done.
Begin: Running /scripts/local-premount ... [    4.663308] Btrfs loaded, crc32c=crc32c-intel
Scanning for Btrfs filesystems
done.
Warning: fsck not present, so skipping root file system
[    4.684678] EXT4-fs (sda1): mounted filesystem with ordered data mode. Opts: (null)
done.
Begin: Running /scripts/local-bottom ... done.
Begin: Running /scripts/init-bottom ... done.
[    4.817602] ip_tables: (C) 2000-2006 Netfilter Core Team
[    4.823944] systemd[1]: systemd 237 running in system mode. (+PAM +AUDIT +SELINUX +IMA +APPARMOR +SMACK +SYSVINIT +UTMP +LIBCRYPTSETUP +GCRYPT +GNUTLS +ACL +XZ +LZ4 +SECCOMP +BLKID +ELFUTILS +KMOD -IDN2 +IDN -PCRE2 default-hierarchy=hybrid)
[    4.827349] systemd[1]: Detected virtualization oracle.
[    4.828145] systemd[1]: Detected architecture x86-64.

Welcome to [1mUbuntu 18.04.6 LTS[0m!

[    4.833431] systemd[1]: Set hostname to <ubuntu>.
[    4.836800] systemd[1]: Initializing machine ID from random generator.
[    4.837775] systemd[1]: Installed transient /etc/machine-id file.
[    5.071490] systemd[1]: Reached target User and Group Name Lookups.
[[0;32m  OK  [0m] Reached target User and Group Name Lookups.
[    5.072892] systemd[1]: Started Forward Password Requests to Wall Directory Watch.
[[0;32m  OK  [0m] Started Forward Password Requests to Wall Directory Watch.
[    5.143641] systemd[1]: Created slice User and Session Slice.
[[0;32m  OK  [0m] Created slice User and Session Slice.
[    5.165942] systemd[1]: Reached target Swap.
[[0;32m  OK  [0m] Reached target Swap.
[[0;32m  OK  [0m] Created slice System Slice.
[[0;32m  OK  [0m] Listening on Journal Socket.
[[0;32m  OK  [0m] Listening on /dev/initctl Compatibility Named Pipe.
[[0;32m  OK  [0m] Listening on Journal Socket (/dev/log).
         Starting Uncomplicated firewall...
[[0;32m  OK  [0m] Listening on udev Kernel Socket.
         Mounting Huge Pages File System...
[[0;32m  OK  [0m] Reached target Slices.
[[0;32m  OK  [0m] Listening on LVM2 poll daemon socket.
[[0;32m  OK  [0m] Listening on Network Service Netlink Socket.
         Starting Create list of required stâ€¦ce nodes for the current kernel...
         Mounting POSIX Message Queue File System...
[[0;32m  OK  [0m] Listening on LVM2 metadata daemon socket.
[[0;32m  OK  [0m] Listening on udev Control Socket.
         Starting udev Coldplug all Devices...
[[0;32m  OK  [0m] Listening on fsck to fsckd communication Socket.
         Starting File System Check on Root Device...
[[0;32m  OK  [0m] Listening on Syslog Socket.
         Starting Set the console keyboard layout...
         Starting Load Kernel Modules...
         Mounting Kernel Debug File System...
[[0;32m  OK  [0m] Listening on Device-mapper event daemon FIFOs.
         Starting Monitoring of LVM2 mirrorsâ€¦ng dmeventd or progress polling...
[[0;32m  OK  [0m] Set up automount Arbitrary Executabâ€¦rmats File System Automount Point.
[    5.339037] Loading iSCSI transport class v2.0-870.
[    5.344929] iscsi: registered transport (tcp)
[[0;32m  OK  [0m] Listening on Journal Audit Socket.
         Starting Journal Service...
[    5.415253] iscsi: registered transport (iser)
[[0;32m  OK  [0m] Created slice system-serial\x2dgetty.slice.
[[0;32m  OK  [0m] Reached target System Time Synchronized.
[[0;32m  OK  [0m] Started Uncomplicated firewall.
[[0;32m  OK  [0m] Mounted Huge Pages File System.
[[0;32m  OK  [0m] Started Create list of required staâ€¦vice nodes for the current kernel.
[[0;32m  OK  [0m] Started Journal Service.
[[0;32m  OK  [0m] Mounted POSIX Message Queue File System.
[[0;32m  OK  [0m] Started File System Check on Root Device.
[[0;32m  OK  [0m] Started Load Kernel Modules.
[[0;32m  OK  [0m] Mounted Kernel Debug File System.
[[0;32m  OK  [0m] Started LVM2 metadata daemon.
[[0;32m  OK  [0m] Started File System Check Daemon to report status.
         Starting Apply Kernel Variables...
         Mounting FUSE Control File System...
         Mounting Kernel Configuration File System...
         Starting Remount Root and Kernel File Systems...
         Starting Create Static Device Nodes in /dev...
[[0;32m  OK  [0m] Started Monitoring of LVM2 mirrors,â€¦sing dmeventd or progress polling.
[[0;32m  OK  [0m] Started udev Coldplug all Devices.
[[0;32m  OK  [0m] Mounted FUSE Control File System.
[[0;32m  OK  [0m] Mounted Kernel Configuration File System.
[[0;32m  OK  [0m] Started Create Static Device Nodes in /dev.
[[0;32m  OK  [0m] Started Apply Kernel Variables.
[[0;32m  OK  [0m] Started Remount Root and Kernel File Systems.
         Starting Load/Save Random Seed...
         Starting Flush Journal to Persistent Storage...
         Starting udev Kernel Device Manager...
[[0;32m  OK  [0m] Started Load/Save Random Seed.
[[0;32m  OK  [0m] Started udev Kernel Device Manager.
[[0;32m  OK  [0m] Started Flush Journal to Persistent Storage.
[[0;32m  OK  [0m] Found device /dev/ttyS0.
[[0;32m  OK  [0m] Listening on Load/Save RF Kill Switch Status /dev/rfkill Watch.
[[0;32m  OK  [0m] Started Set the console keyboard layout.
[[0;32m  OK  [0m] Reached target Local File Systems (Pre).
[[0;32m  OK  [0m] Reached target Local File Systems.
         Starting Tell Plymouth To Write Out Runtime Data...
         Starting Set console font and keymap...
         Starting Create Volatile Files and Directories...
         Starting Commit a transient machine-id on disk...
         Starting ebtables ruleset management...
         Starting AppArmor initialization...
[[0;32m  OK  [0m] Started Dispatch Password Requests to Console Directory Watch.
[[0;32m  OK  [0m] Reached target Local Encrypted Volumes.
[[0;32m  OK  [0m] Started Tell Plymouth To Write Out Runtime Data.
[[0;32m  OK  [0m] Started Set console font and keymap.
[[0;32m  OK  [0m] Started Create Volatile Files and Directories.
         Starting Update UTMP about System Boot/Shutdown...
[[0;32m  OK  [0m] Started Update UTMP about System Boot/Shutdown.
[[0;32m  OK  [0m] Started Commit a transient machine-id on disk.
[[0;32m  OK  [0m] Started ebtables ruleset management.
[[0;32m  OK  [0m] Started AppArmor initialization.
         Starting Load AppArmor profiles managed internally by snapd...
         Starting Initial cloud-init job (pre-networking)...
[[0;32m  OK  [0m] Started Load AppArmor profiles managed internally by snapd.
[    7.867860] cloud-init[718]: Cloud-init v. 21.4-0ubuntu1~18.04.1 running 'init-local' at Tue, 01 Feb 2022 20:53:29 +0000. Up 7.57 seconds.
[[0;32m  OK  [0m] Started Initial cloud-init job (pre-networking).
[[0;32m  OK  [0m] Reached target Network (Pre).
         Starting Network Service...
[[0;32m  OK  [0m] Started Network Service.
         Starting Wait for Network to be Configured...
         Starting Network Name Resolution...
[[0;32m  OK  [0m] Started Network Name Resolution.
[[0;32m  OK  [0m] Reached target Host and Network Name Lookups.
[[0;32m  OK  [0m] Reached target Network.
[[0;32m  OK  [0m] Started Wait for Network to be Configured.
         Starting Initial cloud-init job (metadata service crawler)...
[   10.410988] cloud-init[842]: Cloud-init v. 21.4-0ubuntu1~18.04.1 running 'init' at Tue, 01 Feb 2022 20:53:31 +0000. Up 10.31 seconds.
[   10.412128] cloud-init[842]: ci-info: ++++++++++++++++++++++++++++++++++++++Net device info++++++++++++++++++++++++++++++++++++++
[   10.413037] cloud-init[842]: ci-info: +--------+------+----------------------------+---------------+--------+-------------------+
[   10.413806] cloud-init[842]: ci-info: | Device |  Up  |          Address           |      Mask     | Scope  |     Hw-Address    |
[   10.414668] cloud-init[842]: ci-info: +--------+------+----------------------------+---------------+--------+-------------------+
[   10.415725] cloud-init[842]: ci-info: | enp0s3 | True |         10.0.2.15          | 255.255.255.0 | global | 02:e8:64:37:14:18 |
[   10.416820] cloud-init[842]: ci-info: | enp0s3 | True | fe80::e8:64ff:fe37:1418/64 |       .       |  link  | 02:e8:64:37:14:18 |
[   10.417907] cloud-init[842]: ci-info: |   lo   | True |         127.0.0.1          |   255.0.0.0   |  host  |         .         |
[   10.418913] cloud-init[842]: ci-info: |   lo   | True |          ::1/128           |       .       |  host  |         .         |
[   10.419964] cloud-init[842]: ci-info: +--------+------+----------------------------+---------------+--------+-------------------+
[   10.421037] cloud-init[842]: ci-info: ++++++++++++++++++++++++++++Route IPv4 info+++++++++++++++++++++++++++++
[   10.421951] cloud-init[842]: ci-info: +-------+-------------+----------+-----------------+-----------+-------+
[   10.422856] cloud-init[842]: ci-info: | Route | Destination | Gateway  |     Genmask     | Interface | Flags |
[   10.423777] cloud-init[842]: ci-info: +-------+-------------+----------+-----------------+-----------+-------+
[   10.424768] cloud-init[842]: ci-info: |   0   |   0.0.0.0   | 10.0.2.2 |     0.0.0.0     |   enp0s3  |   UG  |
[   10.425746] cloud-init[842]: ci-info: |   1   |   10.0.2.0  | 0.0.0.0  |  255.255.255.0  |   enp0s3  |   U   |
[   10.426639] cloud-init[842]: ci-info: |   2   |   10.0.2.2  | 0.0.0.0  | 255.255.255.255 |   enp0s3  |   UH  |
[   10.427510] cloud-init[842]: ci-info: +-------+-------------+----------+-----------------+-----------+-------+
[   10.428402] cloud-init[842]: ci-info: +++++++++++++++++++Route IPv6 info+++++++++++++++++++
[   10.429104] cloud-init[842]: ci-info: +-------+-------------+---------+-----------+-------+
[   10.440279] cloud-init[842]: ci-info: | Route | Destination | Gateway | Interface | Flags |
[   10.440702] cloud-init[842]: ci-info: +-------+-------------+---------+-----------+-------+
[   10.441578] cloud-init[842]: ci-info: |   1   |  fe80::/64  |    ::   |   enp0s3  |   U   |
[   10.442399] cloud-init[842]: ci-info: |   3   |    local    |    ::   |   enp0s3  |   U   |
[   10.443201] cloud-init[842]: ci-info: |   4   |   ff00::/8  |    ::   |   enp0s3  |   U   |
[   10.444010] cloud-init[842]: ci-info: +-------+-------------+---------+-----------+-------+
[   10.947621] cloud-init[842]: Generating public/private rsa key pair.
[   10.948663] cloud-init[842]: Your identification has been saved in /etc/ssh/ssh_host_rsa_key.
[   10.949689] cloud-init[842]: Your public key has been saved in /etc/ssh/ssh_host_rsa_key.pub.
[   10.950768] cloud-init[842]: The key fingerprint is:
[   10.951642] cloud-init[842]: SHA256:Gi5q0godTl6rns7kN5JDNe/Agbux8QegAFl5JR+UJR8 root@ubuntu-bionic
[   10.953011] cloud-init[842]: The key's randomart image is:
[   10.953943] cloud-init[842]: +---[RSA 2048]----+
[   10.954709] cloud-init[842]: | o...o=oE        |
[   10.955549] cloud-init[842]: |o . .o.+ .       |
[   10.956366] cloud-init[842]: |.  o  . .        |
[   10.957048] cloud-init[842]: |. o +            |
[   10.957584] cloud-init[842]: |..o=.+. S        |
[   10.958149] cloud-init[842]: |.==o+o.o         |
[   10.958708] cloud-init[842]: |.o=Bo+o          |
[   10.959367] cloud-init[842]: |o+O++.o          |
[   10.959929] cloud-init[842]: |.*O+ o           |
[   10.960495] cloud-init[842]: +----[SHA256]-----+
[   10.972641] cloud-init[842]: Generating public/private dsa key pair.
[   10.984394] cloud-init[842]: Your identification has been saved in /etc/ssh/ssh_host_dsa_key.
[   10.985256] cloud-init[842]: Your public key has been saved in /etc/ssh/ssh_host_dsa_key.pub.
[   10.986005] cloud-init[842]: The key fingerprint is:
[   10.986617] cloud-init[842]: SHA256:2VJXelCQWXetDlsXT4SohV6L8anz83pagmo8RSiHu2s root@ubuntu-bionic
[   10.987474] cloud-init[842]: The key's randomart image is:
[   10.988054] cloud-init[842]: +---[DSA 1024]----+
[   10.988676] cloud-init[842]: |           .oB+o=|
[   10.989251] cloud-init[842]: |          o *+.o+|
[   10.989818] cloud-init[842]: |       . o.Boo.oo|
[   10.990404] cloud-init[842]: |      o o+=.=.o o|
[   10.990963] cloud-init[842]: |       +S... = . |
[[0;32m  OK  [0m[   11.004876] cloud-init[842]: |      .  .+.. .  |
[   11.005112] cloud-init[842]: |       o ..o. .  |
[   11.005420] cloud-init[842]: |      E +.  oo.  |
[   11.005662] cloud-init[842]: |     ..o..  o*.  |
[   11.006010] cloud-init[842]: +----[SHA256]-----+
[   11.006175] cloud-init[842]: Generating public/private ecdsa key pair.
[   11.006394] cloud-init[842]: Your identification has been saved in /etc/ssh/ssh_host_ecdsa_key.
[   11.006489] cloud-init[842]: Your public key has been saved in /etc/ssh/ssh_host_ecdsa_key.pub.
[   11.006802] cloud-init[842]: The key fingerprint is:
[   11.006881] cloud-init[842]: SHA256:Gczy2SSbW4IrQrp9rX3vIXTJzxihVKU24utELLF+7dM root@ubuntu-bionic
[   11.006962] cloud-init[842]: The key's randomart image is:
[   11.007096] cloud-init[842]: +---[ECDSA 256]---+
[   11.007301] cloud-init[842]: |          ...    |
[   11.007398] cloud-init[842]: |       o . .     |
[   11.007553] cloud-init[842]: |      o B *      |
[   11.007866] cloud-init[842]: |       X # +     |
] Started Initial cloud-init job (metadata service crawler).
[   11.007932] cloud-init[842]: |  .   + S B      |
[   11.008328] cloud-init[842]: | o   . = B =     |
[   11.008750] cloud-init[842]: |. . ..o * +.o    |
[   11.009093] cloud-init[842]: | o ..o.+.o..E    |
[   11.009288] cloud-init[842]: |. .......o+.     |
[   11.009513] cloud-init[842]: +----[SHA256]-----+
[   11.009781] cloud-init[842]: Generating public/private ed25519 key pair.
[   11.009993] cloud-init[842]: Your identification has been saved in /etc/ssh/ssh_host_ed25519_key.
[   11.010326] cloud-init[842]: Your public key has been saved in /etc/ssh/ssh_host_ed25519_key.pub.
[   11.010786] cloud-init[842]: The key fingerprint is:
[   11.010996] cloud-init[842]: SHA256:OGTc6NFC/6blaSg8Gk0PIDXhmSrkucoH4Bf5TWabf4I root@ubuntu-bionic
[   11.011209] cloud-init[842]: The key's randomart image is:
[   11.011484] cloud-init[842]: +--[ED25519 256]--+
[   11.011857] cloud-init[842]: |    +..          |
[   11.012271] cloud-init[842]: |   o * =         |
[   11.012777] cloud-init[842]: | .. * B +        |
[   11.013026] cloud-init[842]: |+ .= = B .       |
[   11.013295] cloud-init[842]: |+o. o @ S +      |
[   11.013724] cloud-init[842]: | +.. = B * .     |
[   11.014010] cloud-init[842]: | .o . = * +      |
[   11.014270] cloud-init[842]: |o  . o E + .     |
[   11.014597] cloud-init[842]: |... .     o      |
[   11.014857] cloud-init[842]: +----[SHA256]-----+
[[0;32m  OK  [0m] Reached target Network is Online.
[[0;32m  OK  [0m] Reached target Remote File Systems (Pre).
[[0;32m  OK  [0m] Reached target Remote File Systems.
         Starting Availability of block devices...
[[0;32m  OK  [0m] Reached target Cloud-config availability.
[[0;32m  OK  [0m] Reached target System Initialization.
[[0;32m  OK  [0m] Started Message of the Day.
         Starting Socket activation for snappy daemon.
[[0;32m  OK  [0m] Listening on D-Bus System Message Bus Socket.
[[0;32m  OK  [0m] Listening on UUID daemon activation socket.
[[0;32m  OK  [0m] Started Discard unused blocks once a week.
[[0;32m  OK  [0m] Started Trigger to poll for Ubuntu â€¦(Only enabled on GCP LTS non-pro).
[[0;32m  OK  [0m] Listening on ACPID Listen Socket.
[[0;32m  OK  [0m] Started Daily Cleanup of Temporary Directories.
[[0;32m  OK  [0m] Listening on Open-iSCSI iscsid Socket.
[[0;32m  OK  [0m] Started Ubuntu Advantage Timer for running repeated jobs.
[[0;32m  OK  [0m] Listening on cloud-init hotplug hook socket.
[[0;32m  OK  [0m] Started ACPI Events Check.
[[0;32m  OK  [0m] Reached target Paths.
         Starting LXD - unix socket.
[[0;32m  OK  [0m] Started Daily apt download activities.
[[0;32m  OK  [0m] Started Daily apt upgrade and clean activities.
[[0;32m  OK  [0m] Reached target Timers.
[[0;32m  OK  [0m] Started Availability of block devices.
[[0;32m  OK  [0m] Listening on Socket activation for snappy daemon.
[[0;32m  OK  [0m] Listening on LXD - unix socket.
[[0;32m  OK  [0m] Reached target Sockets.
[[0;32m  OK  [0m] Reached target Basic System.
[[0;32m  OK  [0m] Started D-Bus System Message Bus.
         Starting Pollinate to seed the pseudo random number generator...
         Starting Dispatcher daemon for systemd-networkd...
         Starting System Logging Service...
[[0;32m  OK  [0m] Started Deferred execution scheduler.
         Starting Permit User Sessions...
         Starting LSB: Record successful boot for GRUB...
         Starting Accounts Service...
[[0;32m  OK  [0m] Started irqbalance daemon.
         Starting Virtualbox guest utils...
         Starting LSB: automatic crash report generation...
         Starting LXD - container startup/shutdown...
[[0;32m  OK  [0m] Started FUSE filesystem for LXC.
         Starting Login Service...
[[0;32m  OK  [0m] Started Regular background program processing daemon.
         Starting Snap Daemon...
[[0;32m  OK  [0m] Started System Logging Service.
[[0;32m  OK  [0m] Started Permit User Sessions.
         Starting Terminate Plymouth Boot Screen...
         Starting Hold until boot process finishes up...
[[0;32m  OK  [0m] Started Hold until boot process finishes up.
[[0;32m  OK  [0m] Started Serial Getty on ttyS0.
         Starting Set console scheme...
[[0;32m  OK  [0m] Started Terminate Plymouth Boot Screen.
[[0;32m  OK  [0m] Started Login Service.
[[0;32m  OK  [0m] Started Unattended Upgrades Shutdown.
[[0;32m  OK  [0m] Started Set console scheme.
[[0;32m  OK  [0m] Created slice system-getty.slice.
[[0;32m  OK  [0m] Started Getty on tty1.
[[0;32m  OK  [0m] Reached target Login Prompts.
         Starting Authorization Manager...
[[0;32m  OK  [0m] Started LSB: automatic crash report generation.
[[0;32m  OK  [0m] Started Authorization Manager.
[[0;32m  OK  [0m] Started Accounts Service.
[[0;32m  OK  [0m] Started LSB: Record successful boot for GRUB.
[[0;32m  OK  [0m] Started Virtualbox guest utils.
[[0;32m  OK  [0m] Started LXD - container startup/shutdown.
[[0;32m  OK  [0m] Started Dispatcher daemon for systemd-networkd.
[[0;32m  OK  [0m] Started Snap Daemon.
         Starting Wait until snapd is fully seeded...
[[0;32m  OK  [0m] Started Pollinate to seed the pseudo random number generator.
         Starting OpenBSD Secure Shell server...
[[0;32m  OK  [0m] Started OpenBSD Secure Shell server.
[[0;32m  OK  [0m] Started Wait until snapd is fully seeded.
         Starting Apply the settings specified in cloud-config...
[[0;32m  OK  [0m] Reached target Multi-User System.
[[0;32m  OK  [0m] Reached target Graphical Interface.
         Starting Update UTMP about System Runlevel Changes...
[[0;32m  OK  [0m] Started Update UTMP about System Runlevel Changes.
[[0;32m  OK  [0m] Created slice User Slice of vagrant.
         Starting User Manager for UID 1000...
[[0;32m  OK  [0m] Started Session 1 of user vagrant.
[[0;32m  OK  [0m] Started User Manager for UID 1000.
[   14.438603] cloud-init[1357]: Cloud-init v. 21.4-0ubuntu1~18.04.1 running 'modules:config' at Tue, 01 Feb 2022 20:53:35 +0000. Up 13.95 seconds.
[[0;32m  OK  [0m] Started Apply the settings specified in cloud-config.
         Starting Execute cloud user/final scripts...
ci-info: no authorized SSH keys fingerprints found for user ubuntu.
<14>Feb  1 20:53:36 cloud-init: #############################################################
<14>Feb  1 20:53:36 cloud-init: -----BEGIN SSH HOST KEY FINGERPRINTS-----
<14>Feb  1 20:53:36 cloud-init: 1024 SHA256:2VJXelCQWXetDlsXT4SohV6L8anz83pagmo8RSiHu2s root@ubuntu-bionic (DSA)
<14>Feb  1 20:53:36 cloud-init: 256 SHA256:Gczy2SSbW4IrQrp9rX3vIXTJzxihVKU24utELLF+7dM root@ubuntu-bionic (ECDSA)
<14>Feb  1 20:53:36 cloud-init: 256 SHA256:OGTc6NFC/6blaSg8Gk0PIDXhmSrkucoH4Bf5TWabf4I root@ubuntu-bionic (ED25519)
<14>Feb  1 20:53:36 cloud-init: 2048 SHA256:Gi5q0godTl6rns7kN5JDNe/Agbux8QegAFl5JR+UJR8 root@ubuntu-bionic (RSA)
<14>Feb  1 20:53:36 cloud-init: -----END SSH HOST KEY FINGERPRINTS-----
<14>Feb  1 20:53:36 cloud-init: #############################################################
-----BEGIN SSH HOST KEY KEYS-----
ecdsa-sha2-nistp256 AAAAE2VjZHNhLXNoYTItbmlzdHAyNTYAAAAIbmlzdHAyNTYAAABBBB2UJ2bjEYurTFgefyLPaLsD62CTqYDzIvVhHn1+gZIZu6JSAfcImWJFhAlOejtjyfvnoa8ZYAZ92gXTlyh40jQ= root@ubuntu-bionic
ssh-ed25519 AAAAC3NzaC1lZDI1NTE5AAAAIEYMYhRfkWFJ4lOHDhiUmUhCI8asXGsct1fiGTPsoyiI root@ubuntu-bionic
ssh-rsa AAAAB3NzaC1yc2EAAAADAQABAAABAQDKHyT0f8OsyALNSSCZ8Oj+C2hejIF1Tusc+AA9trDeIszPb4xP3rwA8jqEqeTFyCV3LpJGZjo0PpZqsQ2Es0WjCBj2YjA82DD2pFUajOvJsC42EW9HjC6R50BIhJUFjMNiQODUh1TVlG27M3+c+y9WX+Es4VbI7H1YoAO14Xl7TjhSheJs5PiHXZnyD2P1n03urzy7tH5NDXqdvBqnVUhsmqIq2nPj91j9T73rsrqs8oYYMUlB9du+L7rbsELzUDYjKm1+VAv6UQuoJ3lZYjLkGGfYQDpNFYJEUNtPvB8iVZbgDs48PZH/QH77bt/M9CT353GdabS2sa8IxlXyYwQT root@ubuntu-bionic
-----END SSH HOST KEY KEYS-----
[   15.217519] cloud-init[1489]: Cloud-init v. 21.4-0ubuntu1~18.04.1 running 'modules:final' at Tue, 01 Feb 2022 20:53:36 +0000. Up 14.97 seconds.
[   15.228128] cloud-init[1489]: ci-info: no authorized SSH keys fingerprints found for user ubuntu.
[   15.229059] cloud-init[1489]: Cloud-init v. 21.4-0ubuntu1~18.04.1 finished at Tue, 01 Feb 2022 20:53:36 +0000. Datasource DataSourceNoCloud [seed=/dev/sdb][dsmode=net].  Up 15.20 seconds
[[0;32m  OK  [0m] Started Execute cloud user/final scripts.
[[0;32m  OK  [0m] Reached target Cloud-init target.

Ubuntu 18.04.6 LTS ubuntu-bionic ttyS0

ubuntu-bionic login: 